-- The C compiler identification is GNU 13.3.0
-- The CXX compiler identification is GNU 13.3.0
-- Detecting C compiler ABI info
-- Detecting C compiler ABI info - done
-- Check for working C compiler: /usr/bin/cc - skipped
-- Detecting C compile features
-- Detecting C compile features - done
-- Detecting CXX compiler ABI info
-- Detecting CXX compiler ABI info - done
-- Check for working CXX compiler: /usr/bin/c++ - skipped
-- Detecting CXX compile features
-- Detecting CXX compile features - done
-- Found ament_cmake: 2.5.6 (/opt/ros/jazzy/share/ament_cmake/cmake)
-- Found Python3: /usr/bin/python3 (found version "3.12.3") found components: Interpreter 
-- Override CMake install command with custom implementation using symlinks instead of copying resources
-- Configuring done (7.9s)
-- Generating done (0.0s)
-- Build files have been written to: /home/sai/Projects/smartcart_simulation/build/smartcart_description
-- Install configuration: ""
-- Execute custom install script
-- Symlinking: /home/sai/Projects/smartcart_simulation/install/smartcart_description/share/smartcart_description/urdf/.gitkeep
-- Symlinking: /home/sai/Projects/smartcart_simulation/install/smartcart_description/share/smartcart_description/urdf/smartcart.urdf.xacro
-- Symlinking: /home/sai/Projects/smartcart_simulation/install/smartcart_description/share/ament_index/resource_index/package_run_dependencies/smartcart_description
-- Symlinking: /home/sai/Projects/smartcart_simulation/install/smartcart_description/share/ament_index/resource_index/parent_prefix_path/smartcart_description
-- Symlinking: /home/sai/Projects/smartcart_simulation/install/smartcart_description/share/smartcart_description/environment/ament_prefix_path.sh
-- Symlinking: /home/sai/Projects/smartcart_simulation/install/smartcart_description/share/smartcart_description/environment/ament_prefix_path.dsv
-- Symlinking: /home/sai/Projects/smartcart_simulation/install/smartcart_description/share/smartcart_description/environment/path.sh
-- Symlinking: /home/sai/Projects/smartcart_simulation/install/smartcart_description/share/smartcart_description/environment/path.dsv
-- Symlinking: /home/sai/Projects/smartcart_simulation/install/smartcart_description/share/smartcart_description/local_setup.bash
-- Symlinking: /home/sai/Projects/smartcart_simulation/install/smartcart_description/share/smartcart_description/local_setup.sh
-- Symlinking: /home/sai/Projects/smartcart_simulation/install/smartcart_description/share/smartcart_description/local_setup.zsh
-- Symlinking: /home/sai/Projects/smartcart_simulation/install/smartcart_description/share/smartcart_description/local_setup.dsv
-- Symlinking: /home/sai/Projects/smartcart_simulation/install/smartcart_description/share/smartcart_description/package.dsv
-- Symlinking: /home/sai/Projects/smartcart_simulation/install/smartcart_description/share/ament_index/resource_index/packages/smartcart_description
-- Symlinking: /home/sai/Projects/smartcart_simulation/install/smartcart_description/share/smartcart_description/cmake/smartcart_descriptionConfig.cmake
-- Symlinking: /home/sai/Projects/smartcart_simulation/install/smartcart_description/share/smartcart_description/cmake/smartcart_descriptionConfig-version.cmake
-- Symlinking: /home/sai/Projects/smartcart_simulation/install/smartcart_description/share/smartcart_description/package.xml
