[0.155s] Invoking command in '/home/sai/Projects/smartcart_simulation/build/smartcart_gazebo': AMENT_PREFIX_PATH=/home/sai/Projects/smartcart_simulation/install/smartcart_description:${AMENT_PREFIX_PATH} CMAKE_PREFIX_PATH=/home/sai/Projects/smartcart_simulation/install/smartcart_description:/opt/ros/jazzy/opt/gz_sim_vendor:/opt/ros/jazzy/opt/gz_sensors_vendor:/opt/ros/jazzy/opt/gz_physics_vendor:/opt/ros/jazzy/opt/sdformat_vendor:/opt/ros/jazzy/opt/gz_gui_vendor:/opt/ros/jazzy/opt/gz_transport_vendor:/opt/ros/jazzy/opt/gz_rendering_vendor:/opt/ros/jazzy/opt/gz_plugin_vendor:/opt/ros/jazzy/opt/gz_fuel_tools_vendor:/opt/ros/jazzy/opt/gz_msgs_vendor:/opt/ros/jazzy/opt/gz_common_vendor:/opt/ros/jazzy/opt/gz_math_vendor:/opt/ros/jazzy/opt/gz_utils_vendor:/opt/ros/jazzy/opt/gz_tools_vendor:/opt/ros/jazzy/opt/gz_ogre_next_vendor:/opt/ros/jazzy/opt/gz_dartsim_vendor:/opt/ros/jazzy/opt/gz_cmake_vendor:/opt/ros/jazzy /usr/bin/cmake /home/sai/Projects/smartcart_simulation/smartcart_ws/src/smartcart_gazebo -DAMENT_CMAKE_SYMLINK_INSTALL=1 -DCMAKE_INSTALL_PREFIX=/home/sai/Projects/smartcart_simulation/install/smartcart_gazebo
[0.485s] -- The C compiler identification is GNU 13.3.0
[2.340s] -- The CXX compiler identification is GNU 13.3.0
[4.050s] -- Detecting C compiler ABI info
[4.808s] -- Detecting C compiler ABI info - done
[4.822s] -- Check for working C compiler: /usr/bin/cc - skipped
[4.823s] -- Detecting C compile features
[4.824s] -- Detecting C compile features - done
[5.119s] -- Detecting CXX compiler ABI info
[5.908s] -- Detecting CXX compiler ABI info - done
[5.923s] -- Check for working CXX compiler: /usr/bin/c++ - skipped
[5.923s] -- Detecting CXX compile features
[5.924s] -- Detecting CXX compile features - done
[5.934s] -- Found ament_cmake: 2.5.6 (/opt/ros/jazzy/share/ament_cmake/cmake)
[6.249s] -- Found Python3: /usr/bin/python3 (found version "3.12.3") found components: Interpreter 
[6.382s] -- Override CMake install command with custom implementation using symlinks instead of copying resources
[6.699s] -- Configuring done (6.5s)
[6.713s] -- Generating done (0.0s)
[6.716s] -- Build files have been written to: /home/sai/Projects/smartcart_simulation/build/smartcart_gazebo
[6.728s] Invoked command in '/home/sai/Projects/smartcart_simulation/build/smartcart_gazebo' returned '0': AMENT_PREFIX_PATH=/home/sai/Projects/smartcart_simulation/install/smartcart_description:${AMENT_PREFIX_PATH} CMAKE_PREFIX_PATH=/home/sai/Projects/smartcart_simulation/install/smartcart_description:/opt/ros/jazzy/opt/gz_sim_vendor:/opt/ros/jazzy/opt/gz_sensors_vendor:/opt/ros/jazzy/opt/gz_physics_vendor:/opt/ros/jazzy/opt/sdformat_vendor:/opt/ros/jazzy/opt/gz_gui_vendor:/opt/ros/jazzy/opt/gz_transport_vendor:/opt/ros/jazzy/opt/gz_rendering_vendor:/opt/ros/jazzy/opt/gz_plugin_vendor:/opt/ros/jazzy/opt/gz_fuel_tools_vendor:/opt/ros/jazzy/opt/gz_msgs_vendor:/opt/ros/jazzy/opt/gz_common_vendor:/opt/ros/jazzy/opt/gz_math_vendor:/opt/ros/jazzy/opt/gz_utils_vendor:/opt/ros/jazzy/opt/gz_tools_vendor:/opt/ros/jazzy/opt/gz_ogre_next_vendor:/opt/ros/jazzy/opt/gz_dartsim_vendor:/opt/ros/jazzy/opt/gz_cmake_vendor:/opt/ros/jazzy /usr/bin/cmake /home/sai/Projects/smartcart_simulation/smartcart_ws/src/smartcart_gazebo -DAMENT_CMAKE_SYMLINK_INSTALL=1 -DCMAKE_INSTALL_PREFIX=/home/sai/Projects/smartcart_simulation/install/smartcart_gazebo
[6.730s] Invoking command in '/home/sai/Projects/smartcart_simulation/build/smartcart_gazebo': AMENT_PREFIX_PATH=/home/sai/Projects/smartcart_simulation/install/smartcart_description:${AMENT_PREFIX_PATH} CMAKE_PREFIX_PATH=/home/sai/Projects/smartcart_simulation/install/smartcart_description:/opt/ros/jazzy/opt/gz_sim_vendor:/opt/ros/jazzy/opt/gz_sensors_vendor:/opt/ros/jazzy/opt/gz_physics_vendor:/opt/ros/jazzy/opt/sdformat_vendor:/opt/ros/jazzy/opt/gz_gui_vendor:/opt/ros/jazzy/opt/gz_transport_vendor:/opt/ros/jazzy/opt/gz_rendering_vendor:/opt/ros/jazzy/opt/gz_plugin_vendor:/opt/ros/jazzy/opt/gz_fuel_tools_vendor:/opt/ros/jazzy/opt/gz_msgs_vendor:/opt/ros/jazzy/opt/gz_common_vendor:/opt/ros/jazzy/opt/gz_math_vendor:/opt/ros/jazzy/opt/gz_utils_vendor:/opt/ros/jazzy/opt/gz_tools_vendor:/opt/ros/jazzy/opt/gz_ogre_next_vendor:/opt/ros/jazzy/opt/gz_dartsim_vendor:/opt/ros/jazzy/opt/gz_cmake_vendor:/opt/ros/jazzy /usr/bin/cmake --build /home/sai/Projects/smartcart_simulation/build/smartcart_gazebo -- -j8 -l8
[6.827s] Invoked command in '/home/sai/Projects/smartcart_simulation/build/smartcart_gazebo' returned '0': AMENT_PREFIX_PATH=/home/sai/Projects/smartcart_simulation/install/smartcart_description:${AMENT_PREFIX_PATH} CMAKE_PREFIX_PATH=/home/sai/Projects/smartcart_simulation/install/smartcart_description:/opt/ros/jazzy/opt/gz_sim_vendor:/opt/ros/jazzy/opt/gz_sensors_vendor:/opt/ros/jazzy/opt/gz_physics_vendor:/opt/ros/jazzy/opt/sdformat_vendor:/opt/ros/jazzy/opt/gz_gui_vendor:/opt/ros/jazzy/opt/gz_transport_vendor:/opt/ros/jazzy/opt/gz_rendering_vendor:/opt/ros/jazzy/opt/gz_plugin_vendor:/opt/ros/jazzy/opt/gz_fuel_tools_vendor:/opt/ros/jazzy/opt/gz_msgs_vendor:/opt/ros/jazzy/opt/gz_common_vendor:/opt/ros/jazzy/opt/gz_math_vendor:/opt/ros/jazzy/opt/gz_utils_vendor:/opt/ros/jazzy/opt/gz_tools_vendor:/opt/ros/jazzy/opt/gz_ogre_next_vendor:/opt/ros/jazzy/opt/gz_dartsim_vendor:/opt/ros/jazzy/opt/gz_cmake_vendor:/opt/ros/jazzy /usr/bin/cmake --build /home/sai/Projects/smartcart_simulation/build/smartcart_gazebo -- -j8 -l8
[6.829s] Invoking command in '/home/sai/Projects/smartcart_simulation/build/smartcart_gazebo': AMENT_PREFIX_PATH=/home/sai/Projects/smartcart_simulation/install/smartcart_description:${AMENT_PREFIX_PATH} CMAKE_PREFIX_PATH=/home/sai/Projects/smartcart_simulation/install/smartcart_description:/opt/ros/jazzy/opt/gz_sim_vendor:/opt/ros/jazzy/opt/gz_sensors_vendor:/opt/ros/jazzy/opt/gz_physics_vendor:/opt/ros/jazzy/opt/sdformat_vendor:/opt/ros/jazzy/opt/gz_gui_vendor:/opt/ros/jazzy/opt/gz_transport_vendor:/opt/ros/jazzy/opt/gz_rendering_vendor:/opt/ros/jazzy/opt/gz_plugin_vendor:/opt/ros/jazzy/opt/gz_fuel_tools_vendor:/opt/ros/jazzy/opt/gz_msgs_vendor:/opt/ros/jazzy/opt/gz_common_vendor:/opt/ros/jazzy/opt/gz_math_vendor:/opt/ros/jazzy/opt/gz_utils_vendor:/opt/ros/jazzy/opt/gz_tools_vendor:/opt/ros/jazzy/opt/gz_ogre_next_vendor:/opt/ros/jazzy/opt/gz_dartsim_vendor:/opt/ros/jazzy/opt/gz_cmake_vendor:/opt/ros/jazzy /usr/bin/cmake --install /home/sai/Projects/smartcart_simulation/build/smartcart_gazebo
[6.850s] -- Install configuration: ""
[6.851s] -- Execute custom install script
[6.854s] -- Symlinking: /home/sai/Projects/smartcart_simulation/install/smartcart_gazebo/share/smartcart_gazebo/launch/.gitkeep
[6.878s] -- Symlinking: /home/sai/Projects/smartcart_simulation/install/smartcart_gazebo/share/smartcart_gazebo/launch/smartcart.launch.py
[6.903s] -- Symlinking: /home/sai/Projects/smartcart_simulation/install/smartcart_gazebo/share/smartcart_gazebo/worlds/.gitkeep
[6.927s] -- Symlinking: /home/sai/Projects/smartcart_simulation/install/smartcart_gazebo/share/smartcart_gazebo/worlds/smartcart_world.sdf
[6.952s] -- Symlinking: /home/sai/Projects/smartcart_simulation/install/smartcart_gazebo/share/smartcart_gazebo/models/human/.gitkeep
[6.977s] -- Symlinking: /home/sai/Projects/smartcart_simulation/install/smartcart_gazebo/share/smartcart_gazebo/models/human/model.config
[7.000s] -- Symlinking: /home/sai/Projects/smartcart_simulation/install/smartcart_gazebo/share/smartcart_gazebo/models/human/model.sdf
[7.026s] -- Symlinking: /home/sai/Projects/smartcart_simulation/install/smartcart_gazebo/share/ament_index/resource_index/package_run_dependencies/smartcart_gazebo
[7.050s] -- Symlinking: /home/sai/Projects/smartcart_simulation/install/smartcart_gazebo/share/ament_index/resource_index/parent_prefix_path/smartcart_gazebo
[7.075s] -- Symlinking: /home/sai/Projects/smartcart_simulation/install/smartcart_gazebo/share/smartcart_gazebo/environment/ament_prefix_path.sh
[7.099s] -- Symlinking: /home/sai/Projects/smartcart_simulation/install/smartcart_gazebo/share/smartcart_gazebo/environment/ament_prefix_path.dsv
[7.123s] -- Symlinking: /home/sai/Projects/smartcart_simulation/install/smartcart_gazebo/share/smartcart_gazebo/environment/path.sh
[7.147s] -- Symlinking: /home/sai/Projects/smartcart_simulation/install/smartcart_gazebo/share/smartcart_gazebo/environment/path.dsv
[7.170s] -- Symlinking: /home/sai/Projects/smartcart_simulation/install/smartcart_gazebo/share/smartcart_gazebo/local_setup.bash
[7.194s] -- Symlinking: /home/sai/Projects/smartcart_simulation/install/smartcart_gazebo/share/smartcart_gazebo/local_setup.sh
[7.217s] -- Symlinking: /home/sai/Projects/smartcart_simulation/install/smartcart_gazebo/share/smartcart_gazebo/local_setup.zsh
[7.240s] -- Symlinking: /home/sai/Projects/smartcart_simulation/install/smartcart_gazebo/share/smartcart_gazebo/local_setup.dsv
[7.264s] -- Symlinking: /home/sai/Projects/smartcart_simulation/install/smartcart_gazebo/share/smartcart_gazebo/package.dsv
[7.289s] -- Symlinking: /home/sai/Projects/smartcart_simulation/install/smartcart_gazebo/share/ament_index/resource_index/packages/smartcart_gazebo
[7.312s] -- Symlinking: /home/sai/Projects/smartcart_simulation/install/smartcart_gazebo/share/smartcart_gazebo/cmake/smartcart_gazeboConfig.cmake
[7.336s] -- Symlinking: /home/sai/Projects/smartcart_simulation/install/smartcart_gazebo/share/smartcart_gazebo/cmake/smartcart_gazeboConfig-version.cmake
[7.358s] -- Symlinking: /home/sai/Projects/smartcart_simulation/install/smartcart_gazebo/share/smartcart_gazebo/package.xml
[7.386s] Invoked command in '/home/sai/Projects/smartcart_simulation/build/smartcart_gazebo' returned '0': AMENT_PREFIX_PATH=/home/sai/Projects/smartcart_simulation/install/smartcart_description:${AMENT_PREFIX_PATH} CMAKE_PREFIX_PATH=/home/sai/Projects/smartcart_simulation/install/smartcart_description:/opt/ros/jazzy/opt/gz_sim_vendor:/opt/ros/jazzy/opt/gz_sensors_vendor:/opt/ros/jazzy/opt/gz_physics_vendor:/opt/ros/jazzy/opt/sdformat_vendor:/opt/ros/jazzy/opt/gz_gui_vendor:/opt/ros/jazzy/opt/gz_transport_vendor:/opt/ros/jazzy/opt/gz_rendering_vendor:/opt/ros/jazzy/opt/gz_plugin_vendor:/opt/ros/jazzy/opt/gz_fuel_tools_vendor:/opt/ros/jazzy/opt/gz_msgs_vendor:/opt/ros/jazzy/opt/gz_common_vendor:/opt/ros/jazzy/opt/gz_math_vendor:/opt/ros/jazzy/opt/gz_utils_vendor:/opt/ros/jazzy/opt/gz_tools_vendor:/opt/ros/jazzy/opt/gz_ogre_next_vendor:/opt/ros/jazzy/opt/gz_dartsim_vendor:/opt/ros/jazzy/opt/gz_cmake_vendor:/opt/ros/jazzy /usr/bin/cmake --install /home/sai/Projects/smartcart_simulation/build/smartcart_gazebo
