[2.427s] Invoking command in '/home/sai/Projects/smartcart_simulation/build/smartcart_human': PYTHONPATH=/home/sai/Projects/smartcart_simulation/build/smartcart_human/prefix_override:/usr/lib/python3/dist-packages/colcon_core/task/python/colcon_distutils_commands:/home/sai/Projects/smartcart_simulation/install/smartcart_human/lib/python3.12/site-packages:${PYTHONPATH} /usr/bin/python3 -W ignore:setup.py install is deprecated -W ignore:easy_install command is deprecated setup.py develop --editable --build-directory /home/sai/Projects/smartcart_simulation/build/smartcart_human/build --no-deps symlink_data
[3.065s] running develop
[3.448s] running egg_info
[3.448s] creating smartcart_human.egg-info
[3.492s] writing smartcart_human.egg-info/PKG-INFO
[3.493s] writing dependency_links to smartcart_human.egg-info/dependency_links.txt
[3.494s] writing entry points to smartcart_human.egg-info/entry_points.txt
[3.494s] writing requirements to smartcart_human.egg-info/requires.txt
[3.495s] writing top-level names to smartcart_human.egg-info/top_level.txt
[3.495s] writing manifest file 'smartcart_human.egg-info/SOURCES.txt'
[3.590s] reading manifest file 'smartcart_human.egg-info/SOURCES.txt'
[3.593s] writing manifest file 'smartcart_human.egg-info/SOURCES.txt'
[3.645s] running build_ext
[3.646s] Creating /home/sai/Projects/smartcart_simulation/install/smartcart_human/lib/python3.12/site-packages/smartcart-human.egg-link (link to .)
[3.647s] Installing follow_controller script to /home/sai/Projects/smartcart_simulation/install/smartcart_human/lib/smartcart_human
[3.650s] Installing human_controller script to /home/sai/Projects/smartcart_simulation/install/smartcart_human/lib/smartcart_human
[3.650s] Installing human_teleop script to /home/sai/Projects/smartcart_simulation/install/smartcart_human/lib/smartcart_human
[3.650s] Installing rfid_simulator script to /home/sai/Projects/smartcart_simulation/install/smartcart_human/lib/smartcart_human
[3.651s] 
[3.651s] Installed /home/sai/Projects/smartcart_simulation/build/smartcart_human
[3.652s] running symlink_data
[3.652s] creating /home/sai/Projects/smartcart_simulation/install/smartcart_human/share/ament_index
[3.653s] creating /home/sai/Projects/smartcart_simulation/install/smartcart_human/share/ament_index/resource_index
[3.654s] creating /home/sai/Projects/smartcart_simulation/install/smartcart_human/share/ament_index/resource_index/packages
[3.656s] symbolically linking /home/sai/Projects/smartcart_simulation/build/smartcart_human/resource/smartcart_human -> /home/sai/Projects/smartcart_simulation/install/smartcart_human/share/ament_index/resource_index/packages
[3.656s] symbolically linking /home/sai/Projects/smartcart_simulation/build/smartcart_human/package.xml -> /home/sai/Projects/smartcart_simulation/install/smartcart_human/share/smartcart_human
[3.730s] Invoked command in '/home/sai/Projects/smartcart_simulation/build/smartcart_human' returned '0': PYTHONPATH=/home/sai/Projects/smartcart_simulation/build/smartcart_human/prefix_override:/usr/lib/python3/dist-packages/colcon_core/task/python/colcon_distutils_commands:/home/sai/Projects/smartcart_simulation/install/smartcart_human/lib/python3.12/site-packages:${PYTHONPATH} /usr/bin/python3 -W ignore:setup.py install is deprecated -W ignore:easy_install command is deprecated setup.py develop --editable --build-directory /home/sai/Projects/smartcart_simulation/build/smartcart_human/build --no-deps symlink_data
