[0.306s] DEBUG:colcon:Command line arguments: ['/usr/bin/colcon', 'build', '--symlink-install']
[0.306s] DEBUG:colcon:Parsed command line arguments: Namespace(log_base=None, log_level=None, verb_name='build', build_base='build', install_base='install', merge_install=False, symlink_install=True, test_result_base=None, continue_on_error=False, executor='parallel', parallel_workers=8, event_handlers=None, ignore_user_meta=False, metas=['./colcon.meta'], base_paths=['.'], packages_ignore=None, packages_ignore_regex=None, paths=None, packages_up_to=None, packages_up_to_regex=None, packages_above=None, packages_above_and_dependencies=None, packages_above_depth=None, packages_select_by_dep=None, packages_skip_by_dep=None, packages_skip_up_to=None, packages_select_build_failed=False, packages_skip_build_finished=False, packages_select_test_failures=False, packages_skip_test_passed=False, packages_select=None, packages_skip=None, packages_select_regex=None, packages_skip_regex=None, packages_start=None, packages_end=None, cmake_args=None, cmake_target=None, cmake_target_skip_unavailable=False, cmake_clean_cache=False, cmake_clean_first=False, cmake_force_configure=False, ament_cmake_args=None, catkin_cmake_args=None, catkin_skip_building_tests=False, verb_parser=<colcon_defaults.argument_parser.defaults.DefaultArgumentsDecorator object at 0x7ebc8b70de80>, verb_extension=<colcon_core.verb.build.BuildVerb object at 0x7ebc8b8362d0>, main=<bound method BuildVerb.main of <colcon_core.verb.build.BuildVerb object at 0x7ebc8b8362d0>>)
[0.379s] Level 1:colcon.colcon_core.package_discovery:discover_packages(colcon_meta) check parameters
[0.379s] Level 1:colcon.colcon_core.package_discovery:discover_packages(recursive) check parameters
[0.379s] Level 1:colcon.colcon_core.package_discovery:discover_packages(ignore) check parameters
[0.379s] Level 1:colcon.colcon_core.package_discovery:discover_packages(path) check parameters
[0.379s] Level 1:colcon.colcon_core.package_discovery:discover_packages(colcon_meta) discover
[0.379s] Level 1:colcon.colcon_core.package_discovery:discover_packages(recursive) discover
[0.379s] INFO:colcon.colcon_core.package_discovery:Crawling recursively for packages in '/home/sai/Projects/smartcart_simulation'
[0.379s] Level 1:colcon.colcon_core.package_identification:_identify(.) by extensions ['ignore', 'ignore_ament_install']
[0.380s] Level 1:colcon.colcon_core.package_identification:_identify(.) by extension 'ignore'
[0.380s] Level 1:colcon.colcon_core.package_identification:_identify(.) by extension 'ignore_ament_install'
[0.380s] Level 1:colcon.colcon_core.package_identification:_identify(.) by extensions ['colcon_pkg']
[0.380s] Level 1:colcon.colcon_core.package_identification:_identify(.) by extension 'colcon_pkg'
[0.380s] Level 1:colcon.colcon_core.package_identification:_identify(.) by extensions ['colcon_meta']
[0.380s] Level 1:colcon.colcon_core.package_identification:_identify(.) by extension 'colcon_meta'
[0.380s] Level 1:colcon.colcon_core.package_identification:_identify(.) by extensions ['ros']
[0.380s] Level 1:colcon.colcon_core.package_identification:_identify(.) by extension 'ros'
[0.427s] Level 1:colcon.colcon_core.package_identification:_identify(.) by extensions ['cmake', 'python']
[0.427s] Level 1:colcon.colcon_core.package_identification:_identify(.) by extension 'cmake'
[0.427s] Level 1:colcon.colcon_core.package_identification:_identify(.) by extension 'python'
[0.427s] Level 1:colcon.colcon_core.package_identification:_identify(.) by extensions ['python_setup_py']
[0.427s] Level 1:colcon.colcon_core.package_identification:_identify(.) by extension 'python_setup_py'
[0.428s] Level 1:colcon.colcon_core.package_identification:_identify(build) by extensions ['ignore', 'ignore_ament_install']
[0.428s] Level 1:colcon.colcon_core.package_identification:_identify(build) by extension 'ignore'
[0.428s] Level 1:colcon.colcon_core.package_identification:_identify(build) ignored
[0.428s] Level 1:colcon.colcon_core.package_identification:_identify(install) by extensions ['ignore', 'ignore_ament_install']
[0.428s] Level 1:colcon.colcon_core.package_identification:_identify(install) by extension 'ignore'
[0.428s] Level 1:colcon.colcon_core.package_identification:_identify(install) ignored
[0.429s] Level 1:colcon.colcon_core.package_identification:_identify(log) by extensions ['ignore', 'ignore_ament_install']
[0.429s] Level 1:colcon.colcon_core.package_identification:_identify(log) by extension 'ignore'
[0.429s] Level 1:colcon.colcon_core.package_identification:_identify(log) ignored
[0.429s] Level 1:colcon.colcon_core.package_identification:_identify(smartcart_ws) by extensions ['ignore', 'ignore_ament_install']
[0.429s] Level 1:colcon.colcon_core.package_identification:_identify(smartcart_ws) by extension 'ignore'
[0.429s] Level 1:colcon.colcon_core.package_identification:_identify(smartcart_ws) by extension 'ignore_ament_install'
[0.429s] Level 1:colcon.colcon_core.package_identification:_identify(smartcart_ws) by extensions ['colcon_pkg']
[0.429s] Level 1:colcon.colcon_core.package_identification:_identify(smartcart_ws) by extension 'colcon_pkg'
[0.429s] Level 1:colcon.colcon_core.package_identification:_identify(smartcart_ws) by extensions ['colcon_meta']
[0.429s] Level 1:colcon.colcon_core.package_identification:_identify(smartcart_ws) by extension 'colcon_meta'
[0.429s] Level 1:colcon.colcon_core.package_identification:_identify(smartcart_ws) by extensions ['ros']
[0.430s] Level 1:colcon.colcon_core.package_identification:_identify(smartcart_ws) by extension 'ros'
[0.430s] Level 1:colcon.colcon_core.package_identification:_identify(smartcart_ws) by extensions ['cmake', 'python']
[0.430s] Level 1:colcon.colcon_core.package_identification:_identify(smartcart_ws) by extension 'cmake'
[0.430s] Level 1:colcon.colcon_core.package_identification:_identify(smartcart_ws) by extension 'python'
[0.430s] Level 1:colcon.colcon_core.package_identification:_identify(smartcart_ws) by extensions ['python_setup_py']
[0.430s] Level 1:colcon.colcon_core.package_identification:_identify(smartcart_ws) by extension 'python_setup_py'
[0.430s] Level 1:colcon.colcon_core.package_identification:_identify(smartcart_ws/build) by extensions ['ignore', 'ignore_ament_install']
[0.430s] Level 1:colcon.colcon_core.package_identification:_identify(smartcart_ws/build) by extension 'ignore'
[0.430s] Level 1:colcon.colcon_core.package_identification:_identify(smartcart_ws/build) ignored
[0.430s] Level 1:colcon.colcon_core.package_identification:_identify(smartcart_ws/install) by extensions ['ignore', 'ignore_ament_install']
[0.430s] Level 1:colcon.colcon_core.package_identification:_identify(smartcart_ws/install) by extension 'ignore'
[0.431s] Level 1:colcon.colcon_core.package_identification:_identify(smartcart_ws/install) ignored
[0.431s] Level 1:colcon.colcon_core.package_identification:_identify(smartcart_ws/log) by extensions ['ignore', 'ignore_ament_install']
[0.431s] Level 1:colcon.colcon_core.package_identification:_identify(smartcart_ws/log) by extension 'ignore'
[0.431s] Level 1:colcon.colcon_core.package_identification:_identify(smartcart_ws/log) ignored
[0.431s] Level 1:colcon.colcon_core.package_identification:_identify(smartcart_ws/src) by extensions ['ignore', 'ignore_ament_install']
[0.431s] Level 1:colcon.colcon_core.package_identification:_identify(smartcart_ws/src) by extension 'ignore'
[0.431s] Level 1:colcon.colcon_core.package_identification:_identify(smartcart_ws/src) by extension 'ignore_ament_install'
[0.431s] Level 1:colcon.colcon_core.package_identification:_identify(smartcart_ws/src) by extensions ['colcon_pkg']
[0.431s] Level 1:colcon.colcon_core.package_identification:_identify(smartcart_ws/src) by extension 'colcon_pkg'
[0.431s] Level 1:colcon.colcon_core.package_identification:_identify(smartcart_ws/src) by extensions ['colcon_meta']
[0.431s] Level 1:colcon.colcon_core.package_identification:_identify(smartcart_ws/src) by extension 'colcon_meta'
[0.431s] Level 1:colcon.colcon_core.package_identification:_identify(smartcart_ws/src) by extensions ['ros']
[0.432s] Level 1:colcon.colcon_core.package_identification:_identify(smartcart_ws/src) by extension 'ros'
[0.432s] Level 1:colcon.colcon_core.package_identification:_identify(smartcart_ws/src) by extensions ['cmake', 'python']
[0.432s] Level 1:colcon.colcon_core.package_identification:_identify(smartcart_ws/src) by extension 'cmake'
[0.432s] Level 1:colcon.colcon_core.package_identification:_identify(smartcart_ws/src) by extension 'python'
[0.432s] Level 1:colcon.colcon_core.package_identification:_identify(smartcart_ws/src) by extensions ['python_setup_py']
[0.432s] Level 1:colcon.colcon_core.package_identification:_identify(smartcart_ws/src) by extension 'python_setup_py'
[0.432s] Level 1:colcon.colcon_core.package_identification:_identify(smartcart_ws/src/smartcart_description) by extensions ['ignore', 'ignore_ament_install']
[0.432s] Level 1:colcon.colcon_core.package_identification:_identify(smartcart_ws/src/smartcart_description) by extension 'ignore'
[0.432s] Level 1:colcon.colcon_core.package_identification:_identify(smartcart_ws/src/smartcart_description) by extension 'ignore_ament_install'
[0.432s] Level 1:colcon.colcon_core.package_identification:_identify(smartcart_ws/src/smartcart_description) by extensions ['colcon_pkg']
[0.432s] Level 1:colcon.colcon_core.package_identification:_identify(smartcart_ws/src/smartcart_description) by extension 'colcon_pkg'
[0.432s] Level 1:colcon.colcon_core.package_identification:_identify(smartcart_ws/src/smartcart_description) by extensions ['colcon_meta']
[0.432s] Level 1:colcon.colcon_core.package_identification:_identify(smartcart_ws/src/smartcart_description) by extension 'colcon_meta'
[0.432s] Level 1:colcon.colcon_core.package_identification:_identify(smartcart_ws/src/smartcart_description) by extensions ['ros']
[0.432s] Level 1:colcon.colcon_core.package_identification:_identify(smartcart_ws/src/smartcart_description) by extension 'ros'
[0.436s] DEBUG:colcon.colcon_core.package_identification:Package 'smartcart_ws/src/smartcart_description' with type 'ros.ament_cmake' and name 'smartcart_description'
[0.436s] Level 1:colcon.colcon_core.package_identification:_identify(smartcart_ws/src/smartcart_gazebo) by extensions ['ignore', 'ignore_ament_install']
[0.437s] Level 1:colcon.colcon_core.package_identification:_identify(smartcart_ws/src/smartcart_gazebo) by extension 'ignore'
[0.437s] Level 1:colcon.colcon_core.package_identification:_identify(smartcart_ws/src/smartcart_gazebo) by extension 'ignore_ament_install'
[0.437s] Level 1:colcon.colcon_core.package_identification:_identify(smartcart_ws/src/smartcart_gazebo) by extensions ['colcon_pkg']
[0.437s] Level 1:colcon.colcon_core.package_identification:_identify(smartcart_ws/src/smartcart_gazebo) by extension 'colcon_pkg'
[0.437s] Level 1:colcon.colcon_core.package_identification:_identify(smartcart_ws/src/smartcart_gazebo) by extensions ['colcon_meta']
[0.437s] Level 1:colcon.colcon_core.package_identification:_identify(smartcart_ws/src/smartcart_gazebo) by extension 'colcon_meta'
[0.437s] Level 1:colcon.colcon_core.package_identification:_identify(smartcart_ws/src/smartcart_gazebo) by extensions ['ros']
[0.437s] Level 1:colcon.colcon_core.package_identification:_identify(smartcart_ws/src/smartcart_gazebo) by extension 'ros'
[0.438s] DEBUG:colcon.colcon_core.package_identification:Package 'smartcart_ws/src/smartcart_gazebo' with type 'ros.ament_cmake' and name 'smartcart_gazebo'
[0.438s] Level 1:colcon.colcon_core.package_identification:_identify(smartcart_ws/src/smartcart_human) by extensions ['ignore', 'ignore_ament_install']
[0.438s] Level 1:colcon.colcon_core.package_identification:_identify(smartcart_ws/src/smartcart_human) by extension 'ignore'
[0.439s] Level 1:colcon.colcon_core.package_identification:_identify(smartcart_ws/src/smartcart_human) by extension 'ignore_ament_install'
[0.439s] Level 1:colcon.colcon_core.package_identification:_identify(smartcart_ws/src/smartcart_human) by extensions ['colcon_pkg']
[0.439s] Level 1:colcon.colcon_core.package_identification:_identify(smartcart_ws/src/smartcart_human) by extension 'colcon_pkg'
[0.439s] Level 1:colcon.colcon_core.package_identification:_identify(smartcart_ws/src/smartcart_human) by extensions ['colcon_meta']
[0.439s] Level 1:colcon.colcon_core.package_identification:_identify(smartcart_ws/src/smartcart_human) by extension 'colcon_meta'
[0.439s] Level 1:colcon.colcon_core.package_identification:_identify(smartcart_ws/src/smartcart_human) by extensions ['ros']
[0.439s] Level 1:colcon.colcon_core.package_identification:_identify(smartcart_ws/src/smartcart_human) by extension 'ros'
[0.440s] DEBUG:colcon.colcon_core.package_identification:Package 'smartcart_ws/src/smartcart_human' with type 'ros.ament_python' and name 'smartcart_human'
[0.440s] Level 1:colcon.colcon_core.package_discovery:discover_packages(recursive) using defaults
[0.440s] Level 1:colcon.colcon_core.package_discovery:discover_packages(ignore) discover
[0.440s] Level 1:colcon.colcon_core.package_discovery:discover_packages(ignore) using defaults
[0.440s] Level 1:colcon.colcon_core.package_discovery:discover_packages(path) discover
[0.440s] Level 1:colcon.colcon_core.package_discovery:discover_packages(path) using defaults
[0.475s] Level 5:colcon.colcon_core.verb:set package 'smartcart_description' build argument 'cmake_args' from command line to 'None'
[0.475s] Level 5:colcon.colcon_core.verb:set package 'smartcart_description' build argument 'cmake_target' from command line to 'None'
[0.475s] Level 5:colcon.colcon_core.verb:set package 'smartcart_description' build argument 'cmake_target_skip_unavailable' from command line to 'False'
[0.475s] Level 5:colcon.colcon_core.verb:set package 'smartcart_description' build argument 'cmake_clean_cache' from command line to 'False'
[0.475s] Level 5:colcon.colcon_core.verb:set package 'smartcart_description' build argument 'cmake_clean_first' from command line to 'False'
[0.475s] Level 5:colcon.colcon_core.verb:set package 'smartcart_description' build argument 'cmake_force_configure' from command line to 'False'
[0.475s] Level 5:colcon.colcon_core.verb:set package 'smartcart_description' build argument 'ament_cmake_args' from command line to 'None'
[0.475s] Level 5:colcon.colcon_core.verb:set package 'smartcart_description' build argument 'catkin_cmake_args' from command line to 'None'
[0.475s] Level 5:colcon.colcon_core.verb:set package 'smartcart_description' build argument 'catkin_skip_building_tests' from command line to 'False'
[0.476s] DEBUG:colcon.colcon_core.verb:Building package 'smartcart_description' with the following arguments: {'ament_cmake_args': None, 'build_base': '/home/sai/Projects/smartcart_simulation/build/smartcart_description', 'catkin_cmake_args': None, 'catkin_skip_building_tests': False, 'cmake_args': None, 'cmake_clean_cache': False, 'cmake_clean_first': False, 'cmake_force_configure': False, 'cmake_target': None, 'cmake_target_skip_unavailable': False, 'install_base': '/home/sai/Projects/smartcart_simulation/install/smartcart_description', 'merge_install': False, 'path': '/home/sai/Projects/smartcart_simulation/smartcart_ws/src/smartcart_description', 'symlink_install': True, 'test_result_base': None}
[0.476s] Level 5:colcon.colcon_core.verb:set package 'smartcart_human' build argument 'cmake_args' from command line to 'None'
[0.476s] Level 5:colcon.colcon_core.verb:set package 'smartcart_human' build argument 'cmake_target' from command line to 'None'
[0.476s] Level 5:colcon.colcon_core.verb:set package 'smartcart_human' build argument 'cmake_target_skip_unavailable' from command line to 'False'
[0.476s] Level 5:colcon.colcon_core.verb:set package 'smartcart_human' build argument 'cmake_clean_cache' from command line to 'False'
[0.476s] Level 5:colcon.colcon_core.verb:set package 'smartcart_human' build argument 'cmake_clean_first' from command line to 'False'
[0.476s] Level 5:colcon.colcon_core.verb:set package 'smartcart_human' build argument 'cmake_force_configure' from command line to 'False'
[0.476s] Level 5:colcon.colcon_core.verb:set package 'smartcart_human' build argument 'ament_cmake_args' from command line to 'None'
[0.476s] Level 5:colcon.colcon_core.verb:set package 'smartcart_human' build argument 'catkin_cmake_args' from command line to 'None'
[0.476s] Level 5:colcon.colcon_core.verb:set package 'smartcart_human' build argument 'catkin_skip_building_tests' from command line to 'False'
[0.476s] DEBUG:colcon.colcon_core.verb:Building package 'smartcart_human' with the following arguments: {'ament_cmake_args': None, 'build_base': '/home/sai/Projects/smartcart_simulation/build/smartcart_human', 'catkin_cmake_args': None, 'catkin_skip_building_tests': False, 'cmake_args': None, 'cmake_clean_cache': False, 'cmake_clean_first': False, 'cmake_force_configure': False, 'cmake_target': None, 'cmake_target_skip_unavailable': False, 'install_base': '/home/sai/Projects/smartcart_simulation/install/smartcart_human', 'merge_install': False, 'path': '/home/sai/Projects/smartcart_simulation/smartcart_ws/src/smartcart_human', 'symlink_install': True, 'test_result_base': None}
[0.477s] Level 5:colcon.colcon_core.verb:set package 'smartcart_gazebo' build argument 'cmake_args' from command line to 'None'
[0.477s] Level 5:colcon.colcon_core.verb:set package 'smartcart_gazebo' build argument 'cmake_target' from command line to 'None'
[0.477s] Level 5:colcon.colcon_core.verb:set package 'smartcart_gazebo' build argument 'cmake_target_skip_unavailable' from command line to 'False'
[0.477s] Level 5:colcon.colcon_core.verb:set package 'smartcart_gazebo' build argument 'cmake_clean_cache' from command line to 'False'
[0.477s] Level 5:colcon.colcon_core.verb:set package 'smartcart_gazebo' build argument 'cmake_clean_first' from command line to 'False'
[0.477s] Level 5:colcon.colcon_core.verb:set package 'smartcart_gazebo' build argument 'cmake_force_configure' from command line to 'False'
[0.477s] Level 5:colcon.colcon_core.verb:set package 'smartcart_gazebo' build argument 'ament_cmake_args' from command line to 'None'
[0.477s] Level 5:colcon.colcon_core.verb:set package 'smartcart_gazebo' build argument 'catkin_cmake_args' from command line to 'None'
[0.477s] Level 5:colcon.colcon_core.verb:set package 'smartcart_gazebo' build argument 'catkin_skip_building_tests' from command line to 'False'
[0.477s] DEBUG:colcon.colcon_core.verb:Building package 'smartcart_gazebo' with the following arguments: {'ament_cmake_args': None, 'build_base': '/home/sai/Projects/smartcart_simulation/build/smartcart_gazebo', 'catkin_cmake_args': None, 'catkin_skip_building_tests': False, 'cmake_args': None, 'cmake_clean_cache': False, 'cmake_clean_first': False, 'cmake_force_configure': False, 'cmake_target': None, 'cmake_target_skip_unavailable': False, 'install_base': '/home/sai/Projects/smartcart_simulation/install/smartcart_gazebo', 'merge_install': False, 'path': '/home/sai/Projects/smartcart_simulation/smartcart_ws/src/smartcart_gazebo', 'symlink_install': True, 'test_result_base': None}
[0.477s] INFO:colcon.colcon_core.executor:Executing jobs using 'parallel' executor
[0.479s] DEBUG:colcon.colcon_parallel_executor.executor.parallel:run_until_complete
[0.479s] INFO:colcon.colcon_ros.task.ament_cmake.build:Building ROS package in '/home/sai/Projects/smartcart_simulation/smartcart_ws/src/smartcart_description' with build type 'ament_cmake'
[0.480s] INFO:colcon.colcon_cmake.task.cmake.build:Building CMake package in '/home/sai/Projects/smartcart_simulation/smartcart_ws/src/smartcart_description'
[0.485s] INFO:colcon.colcon_core.plugin_system:Skipping extension 'colcon_core.shell.bat': Not used on non-Windows systems
[0.485s] DEBUG:colcon.colcon_core.shell:Skip shell extension 'dsv' for command environment
[0.533s] INFO:colcon.colcon_ros.task.ament_python.build:Building ROS package in '/home/sai/Projects/smartcart_simulation/smartcart_ws/src/smartcart_human' with build type 'ament_python'
[0.533s] Level 1:colcon.colcon_core.shell:create_environment_hook('smartcart_human', 'ament_prefix_path')
[0.534s] INFO:colcon.colcon_core.shell:Creating environment descriptor '/home/sai/Projects/smartcart_simulation/install/smartcart_human/share/smartcart_human/hook/ament_prefix_path.dsv'
[0.541s] INFO:colcon.colcon_core.shell:Creating environment hook '/home/sai/Projects/smartcart_simulation/install/smartcart_human/share/smartcart_human/hook/ament_prefix_path.sh'
[0.543s] DEBUG:colcon.colcon_core.shell:Skip shell extension 'dsv' for command environment
[0.562s] DEBUG:colcon.colcon_core.event_handler.log_command:Invoking command in '/home/sai/Projects/smartcart_simulation/build/smartcart_description': CMAKE_PREFIX_PATH=${CMAKE_PREFIX_PATH}:/opt/ros/jazzy /usr/bin/cmake /home/sai/Projects/smartcart_simulation/smartcart_ws/src/smartcart_description -DAMENT_CMAKE_SYMLINK_INSTALL=1 -DCMAKE_INSTALL_PREFIX=/home/sai/Projects/smartcart_simulation/install/smartcart_description
[1.021s] INFO:colcon.colcon_core.task.python.build:Building Python package in '/home/sai/Projects/smartcart_simulation/smartcart_ws/src/smartcart_human'
[1.022s] DEBUG:colcon.colcon_core.shell:Skip shell extension 'dsv' for command environment
[2.240s] DEBUG:colcon.colcon_core.task.python.build:Available setuptools commands: upload_docs, editable_wheel, update_catalog, bdist, develop, check, alias, build_py, install_headers, compile_catalog, init_catalog, test, bdist_rpm, build_clib, install, build_scripts, egg_info, build, install_data, install_scripts, clean, upload, bdist_egg, extract_messages, setopt, easy_install, saveopts, rotate, install_lib, sdist, bdist_dumb, build_ext, install_egg_info, symlink_data, register, dist_info
[2.953s] DEBUG:colcon.colcon_core.task.python.build:Available setuptools 'develop' options: --script-dir, --no-user-cfg, --egg-path, --quiet, --always-unzip, --dry-run, --exclude-scripts, --version, --record, --zip-ok, --no-deps, --upgrade, --help, --find-links, --always-copy, --force-installation-into-system-dir, --verbose, --user, --site-dirs, --local-snapshots-ok, --install-layout, --prefix, --allow-hosts, --multi-version, --install-dir, --index-url, --optimize, --editable, --uninstall, --build-directory, --no-find-links
[2.962s] DEBUG:colcon.colcon_core.event_handler.log_command:Invoking command in '/home/sai/Projects/smartcart_simulation/build/smartcart_human': PYTHONPATH=/home/sai/Projects/smartcart_simulation/build/smartcart_human/prefix_override:/usr/lib/python3/dist-packages/colcon_core/task/python/colcon_distutils_commands:/home/sai/Projects/smartcart_simulation/install/smartcart_human/lib/python3.12/site-packages:${PYTHONPATH} /usr/bin/python3 -W ignore:setup.py install is deprecated -W ignore:easy_install command is deprecated setup.py develop --editable --build-directory /home/sai/Projects/smartcart_simulation/build/smartcart_human/build --no-deps symlink_data
[4.264s] Level 1:colcon.colcon_core.shell:create_environment_hook('smartcart_human', 'pythonpath_develop')
[4.264s] DEBUG:colcon.colcon_core.event_handler.log_command:Invoked command in '/home/sai/Projects/smartcart_simulation/build/smartcart_human' returned '0': PYTHONPATH=/home/sai/Projects/smartcart_simulation/build/smartcart_human/prefix_override:/usr/lib/python3/dist-packages/colcon_core/task/python/colcon_distutils_commands:/home/sai/Projects/smartcart_simulation/install/smartcart_human/lib/python3.12/site-packages:${PYTHONPATH} /usr/bin/python3 -W ignore:setup.py install is deprecated -W ignore:easy_install command is deprecated setup.py develop --editable --build-directory /home/sai/Projects/smartcart_simulation/build/smartcart_human/build --no-deps symlink_data
[4.265s] INFO:colcon.colcon_core.shell:Creating environment descriptor '/home/sai/Projects/smartcart_simulation/build/smartcart_human/share/smartcart_human/hook/pythonpath_develop.dsv'
[4.268s] INFO:colcon.colcon_core.shell:Creating environment hook '/home/sai/Projects/smartcart_simulation/build/smartcart_human/share/smartcart_human/hook/pythonpath_develop.sh'
[4.272s] Level 1:colcon.colcon_core.environment:checking '/home/sai/Projects/smartcart_simulation/install/smartcart_human' for CMake module files
[4.274s] Level 1:colcon.colcon_core.environment:checking '/home/sai/Projects/smartcart_simulation/install/smartcart_human' for CMake config files
[4.275s] Level 1:colcon.colcon_core.environment:checking '/home/sai/Projects/smartcart_simulation/install/smartcart_human/lib'
[4.275s] Level 1:colcon.colcon_core.environment:checking '/home/sai/Projects/smartcart_simulation/install/smartcart_human/bin'
[4.275s] Level 1:colcon.colcon_core.environment:checking '/home/sai/Projects/smartcart_simulation/install/smartcart_human/lib/pkgconfig/smartcart_human.pc'
[4.275s] Level 1:colcon.colcon_core.environment:checking '/home/sai/Projects/smartcart_simulation/install/smartcart_human/lib/python3.12/site-packages'
[4.276s] Level 1:colcon.colcon_core.shell:create_environment_hook('smartcart_human', 'pythonpath')
[4.276s] INFO:colcon.colcon_core.shell:Creating environment descriptor '/home/sai/Projects/smartcart_simulation/install/smartcart_human/share/smartcart_human/hook/pythonpath.dsv'
[4.277s] INFO:colcon.colcon_core.shell:Creating environment hook '/home/sai/Projects/smartcart_simulation/install/smartcart_human/share/smartcart_human/hook/pythonpath.sh'
[4.278s] Level 1:colcon.colcon_core.environment:checking '/home/sai/Projects/smartcart_simulation/install/smartcart_human/bin'
[4.278s] Level 1:colcon.colcon_core.environment:create_environment_scripts_only(smartcart_human)
[4.279s] INFO:colcon.colcon_core.shell:Creating package descriptor '/home/sai/Projects/smartcart_simulation/install/smartcart_human/share/smartcart_human/package.dsv'
[4.279s] INFO:colcon.colcon_core.shell:Creating package script '/home/sai/Projects/smartcart_simulation/install/smartcart_human/share/smartcart_human/package.sh'
[4.280s] INFO:colcon.colcon_core.shell:Creating package script '/home/sai/Projects/smartcart_simulation/install/smartcart_human/share/smartcart_human/package.bash'
[4.281s] INFO:colcon.colcon_core.shell:Creating package script '/home/sai/Projects/smartcart_simulation/install/smartcart_human/share/smartcart_human/package.zsh'
[4.282s] Level 1:colcon.colcon_core.environment:create_file_with_runtime_dependencies(/home/sai/Projects/smartcart_simulation/install/smartcart_human/share/colcon-core/packages/smartcart_human)
[8.468s] DEBUG:colcon.colcon_core.event_handler.log_command:Invoked command in '/home/sai/Projects/smartcart_simulation/build/smartcart_description' returned '0': CMAKE_PREFIX_PATH=${CMAKE_PREFIX_PATH}:/opt/ros/jazzy /usr/bin/cmake /home/sai/Projects/smartcart_simulation/smartcart_ws/src/smartcart_description -DAMENT_CMAKE_SYMLINK_INSTALL=1 -DCMAKE_INSTALL_PREFIX=/home/sai/Projects/smartcart_simulation/install/smartcart_description
[8.471s] DEBUG:colcon.colcon_core.event_handler.log_command:Invoking command in '/home/sai/Projects/smartcart_simulation/build/smartcart_description': CMAKE_PREFIX_PATH=${CMAKE_PREFIX_PATH}:/opt/ros/jazzy /usr/bin/cmake --build /home/sai/Projects/smartcart_simulation/build/smartcart_description -- -j8 -l8
[8.572s] DEBUG:colcon.colcon_core.event_handler.log_command:Invoked command in '/home/sai/Projects/smartcart_simulation/build/smartcart_description' returned '0': CMAKE_PREFIX_PATH=${CMAKE_PREFIX_PATH}:/opt/ros/jazzy /usr/bin/cmake --build /home/sai/Projects/smartcart_simulation/build/smartcart_description -- -j8 -l8
[8.597s] DEBUG:colcon.colcon_core.event_handler.log_command:Invoking command in '/home/sai/Projects/smartcart_simulation/build/smartcart_description': CMAKE_PREFIX_PATH=${CMAKE_PREFIX_PATH}:/opt/ros/jazzy /usr/bin/cmake --install /home/sai/Projects/smartcart_simulation/build/smartcart_description
[9.038s] Level 1:colcon.colcon_core.environment:create_environment_scripts_only(smartcart_description)
[9.039s] DEBUG:colcon.colcon_core.event_handler.log_command:Invoked command in '/home/sai/Projects/smartcart_simulation/build/smartcart_description' returned '0': CMAKE_PREFIX_PATH=${CMAKE_PREFIX_PATH}:/opt/ros/jazzy /usr/bin/cmake --install /home/sai/Projects/smartcart_simulation/build/smartcart_description
[9.039s] Level 1:colcon.colcon_core.environment:checking '/home/sai/Projects/smartcart_simulation/install/smartcart_description' for CMake module files
[9.040s] Level 1:colcon.colcon_core.environment:checking '/home/sai/Projects/smartcart_simulation/install/smartcart_description' for CMake config files
[9.041s] Level 1:colcon.colcon_core.shell:create_environment_hook('smartcart_description', 'cmake_prefix_path')
[9.041s] INFO:colcon.colcon_core.shell:Creating environment descriptor '/home/sai/Projects/smartcart_simulation/install/smartcart_description/share/smartcart_description/hook/cmake_prefix_path.dsv'
[9.043s] INFO:colcon.colcon_core.shell:Creating environment hook '/home/sai/Projects/smartcart_simulation/install/smartcart_description/share/smartcart_description/hook/cmake_prefix_path.sh'
[9.044s] Level 1:colcon.colcon_core.environment:checking '/home/sai/Projects/smartcart_simulation/install/smartcart_description/bin'
[9.044s] Level 1:colcon.colcon_core.environment:checking '/home/sai/Projects/smartcart_simulation/install/smartcart_description/lib/pkgconfig/smartcart_description.pc'
[9.044s] Level 1:colcon.colcon_core.environment:checking '/home/sai/Projects/smartcart_simulation/install/smartcart_description/lib/python3.12/site-packages'
[9.044s] Level 1:colcon.colcon_core.environment:checking '/home/sai/Projects/smartcart_simulation/install/smartcart_description/bin'
[9.045s] INFO:colcon.colcon_core.shell:Creating package descriptor '/home/sai/Projects/smartcart_simulation/install/smartcart_description/share/smartcart_description/package.dsv'
[9.046s] INFO:colcon.colcon_core.shell:Creating package script '/home/sai/Projects/smartcart_simulation/install/smartcart_description/share/smartcart_description/package.sh'
[9.047s] INFO:colcon.colcon_core.shell:Creating package script '/home/sai/Projects/smartcart_simulation/install/smartcart_description/share/smartcart_description/package.bash'
[9.047s] INFO:colcon.colcon_core.shell:Creating package script '/home/sai/Projects/smartcart_simulation/install/smartcart_description/share/smartcart_description/package.zsh'
[9.048s] Level 1:colcon.colcon_core.environment:create_file_with_runtime_dependencies(/home/sai/Projects/smartcart_simulation/install/smartcart_description/share/colcon-core/packages/smartcart_description)
[9.050s] Level 1:colcon.colcon_core.environment:create_environment_scripts_only(smartcart_description)
[9.050s] Level 1:colcon.colcon_core.environment:checking '/home/sai/Projects/smartcart_simulation/install/smartcart_description' for CMake module files
[9.051s] Level 1:colcon.colcon_core.environment:checking '/home/sai/Projects/smartcart_simulation/install/smartcart_description' for CMake config files
[9.052s] Level 1:colcon.colcon_core.shell:create_environment_hook('smartcart_description', 'cmake_prefix_path')
[9.052s] INFO:colcon.colcon_core.shell:Creating environment descriptor '/home/sai/Projects/smartcart_simulation/install/smartcart_description/share/smartcart_description/hook/cmake_prefix_path.dsv'
[9.053s] INFO:colcon.colcon_core.shell:Creating environment hook '/home/sai/Projects/smartcart_simulation/install/smartcart_description/share/smartcart_description/hook/cmake_prefix_path.sh'
[9.054s] Level 1:colcon.colcon_core.environment:checking '/home/sai/Projects/smartcart_simulation/install/smartcart_description/bin'
[9.054s] Level 1:colcon.colcon_core.environment:checking '/home/sai/Projects/smartcart_simulation/install/smartcart_description/lib/pkgconfig/smartcart_description.pc'
[9.054s] Level 1:colcon.colcon_core.environment:checking '/home/sai/Projects/smartcart_simulation/install/smartcart_description/lib/python3.12/site-packages'
[9.054s] Level 1:colcon.colcon_core.environment:checking '/home/sai/Projects/smartcart_simulation/install/smartcart_description/bin'
[9.055s] INFO:colcon.colcon_core.shell:Creating package descriptor '/home/sai/Projects/smartcart_simulation/install/smartcart_description/share/smartcart_description/package.dsv'
[9.055s] INFO:colcon.colcon_core.shell:Creating package script '/home/sai/Projects/smartcart_simulation/install/smartcart_description/share/smartcart_description/package.sh'
[9.056s] INFO:colcon.colcon_core.shell:Creating package script '/home/sai/Projects/smartcart_simulation/install/smartcart_description/share/smartcart_description/package.bash'
[9.056s] INFO:colcon.colcon_core.shell:Creating package script '/home/sai/Projects/smartcart_simulation/install/smartcart_description/share/smartcart_description/package.zsh'
[9.057s] Level 1:colcon.colcon_core.environment:create_file_with_runtime_dependencies(/home/sai/Projects/smartcart_simulation/install/smartcart_description/share/colcon-core/packages/smartcart_description)
[9.058s] INFO:colcon.colcon_ros.task.ament_cmake.build:Building ROS package in '/home/sai/Projects/smartcart_simulation/smartcart_ws/src/smartcart_gazebo' with build type 'ament_cmake'
[9.058s] INFO:colcon.colcon_cmake.task.cmake.build:Building CMake package in '/home/sai/Projects/smartcart_simulation/smartcart_ws/src/smartcart_gazebo'
[9.058s] DEBUG:colcon.colcon_core.shell:Skip shell extension 'dsv' for command environment
[9.215s] DEBUG:colcon.colcon_core.event_handler.log_command:Invoking command in '/home/sai/Projects/smartcart_simulation/build/smartcart_gazebo': AMENT_PREFIX_PATH=/home/sai/Projects/smartcart_simulation/install/smartcart_description:${AMENT_PREFIX_PATH} CMAKE_PREFIX_PATH=/home/sai/Projects/smartcart_simulation/install/smartcart_description:/opt/ros/jazzy/opt/gz_sim_vendor:/opt/ros/jazzy/opt/gz_sensors_vendor:/opt/ros/jazzy/opt/gz_physics_vendor:/opt/ros/jazzy/opt/sdformat_vendor:/opt/ros/jazzy/opt/gz_gui_vendor:/opt/ros/jazzy/opt/gz_transport_vendor:/opt/ros/jazzy/opt/gz_rendering_vendor:/opt/ros/jazzy/opt/gz_plugin_vendor:/opt/ros/jazzy/opt/gz_fuel_tools_vendor:/opt/ros/jazzy/opt/gz_msgs_vendor:/opt/ros/jazzy/opt/gz_common_vendor:/opt/ros/jazzy/opt/gz_math_vendor:/opt/ros/jazzy/opt/gz_utils_vendor:/opt/ros/jazzy/opt/gz_tools_vendor:/opt/ros/jazzy/opt/gz_ogre_next_vendor:/opt/ros/jazzy/opt/gz_dartsim_vendor:/opt/ros/jazzy/opt/gz_cmake_vendor:/opt/ros/jazzy /usr/bin/cmake /home/sai/Projects/smartcart_simulation/smartcart_ws/src/smartcart_gazebo -DAMENT_CMAKE_SYMLINK_INSTALL=1 -DCMAKE_INSTALL_PREFIX=/home/sai/Projects/smartcart_simulation/install/smartcart_gazebo
[15.788s] DEBUG:colcon.colcon_core.event_handler.log_command:Invoked command in '/home/sai/Projects/smartcart_simulation/build/smartcart_gazebo' returned '0': AMENT_PREFIX_PATH=/home/sai/Projects/smartcart_simulation/install/smartcart_description:${AMENT_PREFIX_PATH} CMAKE_PREFIX_PATH=/home/sai/Projects/smartcart_simulation/install/smartcart_description:/opt/ros/jazzy/opt/gz_sim_vendor:/opt/ros/jazzy/opt/gz_sensors_vendor:/opt/ros/jazzy/opt/gz_physics_vendor:/opt/ros/jazzy/opt/sdformat_vendor:/opt/ros/jazzy/opt/gz_gui_vendor:/opt/ros/jazzy/opt/gz_transport_vendor:/opt/ros/jazzy/opt/gz_rendering_vendor:/opt/ros/jazzy/opt/gz_plugin_vendor:/opt/ros/jazzy/opt/gz_fuel_tools_vendor:/opt/ros/jazzy/opt/gz_msgs_vendor:/opt/ros/jazzy/opt/gz_common_vendor:/opt/ros/jazzy/opt/gz_math_vendor:/opt/ros/jazzy/opt/gz_utils_vendor:/opt/ros/jazzy/opt/gz_tools_vendor:/opt/ros/jazzy/opt/gz_ogre_next_vendor:/opt/ros/jazzy/opt/gz_dartsim_vendor:/opt/ros/jazzy/opt/gz_cmake_vendor:/opt/ros/jazzy /usr/bin/cmake /home/sai/Projects/smartcart_simulation/smartcart_ws/src/smartcart_gazebo -DAMENT_CMAKE_SYMLINK_INSTALL=1 -DCMAKE_INSTALL_PREFIX=/home/sai/Projects/smartcart_simulation/install/smartcart_gazebo
[15.790s] DEBUG:colcon.colcon_core.event_handler.log_command:Invoking command in '/home/sai/Projects/smartcart_simulation/build/smartcart_gazebo': AMENT_PREFIX_PATH=/home/sai/Projects/smartcart_simulation/install/smartcart_description:${AMENT_PREFIX_PATH} CMAKE_PREFIX_PATH=/home/sai/Projects/smartcart_simulation/install/smartcart_description:/opt/ros/jazzy/opt/gz_sim_vendor:/opt/ros/jazzy/opt/gz_sensors_vendor:/opt/ros/jazzy/opt/gz_physics_vendor:/opt/ros/jazzy/opt/sdformat_vendor:/opt/ros/jazzy/opt/gz_gui_vendor:/opt/ros/jazzy/opt/gz_transport_vendor:/opt/ros/jazzy/opt/gz_rendering_vendor:/opt/ros/jazzy/opt/gz_plugin_vendor:/opt/ros/jazzy/opt/gz_fuel_tools_vendor:/opt/ros/jazzy/opt/gz_msgs_vendor:/opt/ros/jazzy/opt/gz_common_vendor:/opt/ros/jazzy/opt/gz_math_vendor:/opt/ros/jazzy/opt/gz_utils_vendor:/opt/ros/jazzy/opt/gz_tools_vendor:/opt/ros/jazzy/opt/gz_ogre_next_vendor:/opt/ros/jazzy/opt/gz_dartsim_vendor:/opt/ros/jazzy/opt/gz_cmake_vendor:/opt/ros/jazzy /usr/bin/cmake --build /home/sai/Projects/smartcart_simulation/build/smartcart_gazebo -- -j8 -l8
[15.887s] DEBUG:colcon.colcon_core.event_handler.log_command:Invoked command in '/home/sai/Projects/smartcart_simulation/build/smartcart_gazebo' returned '0': AMENT_PREFIX_PATH=/home/sai/Projects/smartcart_simulation/install/smartcart_description:${AMENT_PREFIX_PATH} CMAKE_PREFIX_PATH=/home/sai/Projects/smartcart_simulation/install/smartcart_description:/opt/ros/jazzy/opt/gz_sim_vendor:/opt/ros/jazzy/opt/gz_sensors_vendor:/opt/ros/jazzy/opt/gz_physics_vendor:/opt/ros/jazzy/opt/sdformat_vendor:/opt/ros/jazzy/opt/gz_gui_vendor:/opt/ros/jazzy/opt/gz_transport_vendor:/opt/ros/jazzy/opt/gz_rendering_vendor:/opt/ros/jazzy/opt/gz_plugin_vendor:/opt/ros/jazzy/opt/gz_fuel_tools_vendor:/opt/ros/jazzy/opt/gz_msgs_vendor:/opt/ros/jazzy/opt/gz_common_vendor:/opt/ros/jazzy/opt/gz_math_vendor:/opt/ros/jazzy/opt/gz_utils_vendor:/opt/ros/jazzy/opt/gz_tools_vendor:/opt/ros/jazzy/opt/gz_ogre_next_vendor:/opt/ros/jazzy/opt/gz_dartsim_vendor:/opt/ros/jazzy/opt/gz_cmake_vendor:/opt/ros/jazzy /usr/bin/cmake --build /home/sai/Projects/smartcart_simulation/build/smartcart_gazebo -- -j8 -l8
[15.889s] DEBUG:colcon.colcon_core.event_handler.log_command:Invoking command in '/home/sai/Projects/smartcart_simulation/build/smartcart_gazebo': AMENT_PREFIX_PATH=/home/sai/Projects/smartcart_simulation/install/smartcart_description:${AMENT_PREFIX_PATH} CMAKE_PREFIX_PATH=/home/sai/Projects/smartcart_simulation/install/smartcart_description:/opt/ros/jazzy/opt/gz_sim_vendor:/opt/ros/jazzy/opt/gz_sensors_vendor:/opt/ros/jazzy/opt/gz_physics_vendor:/opt/ros/jazzy/opt/sdformat_vendor:/opt/ros/jazzy/opt/gz_gui_vendor:/opt/ros/jazzy/opt/gz_transport_vendor:/opt/ros/jazzy/opt/gz_rendering_vendor:/opt/ros/jazzy/opt/gz_plugin_vendor:/opt/ros/jazzy/opt/gz_fuel_tools_vendor:/opt/ros/jazzy/opt/gz_msgs_vendor:/opt/ros/jazzy/opt/gz_common_vendor:/opt/ros/jazzy/opt/gz_math_vendor:/opt/ros/jazzy/opt/gz_utils_vendor:/opt/ros/jazzy/opt/gz_tools_vendor:/opt/ros/jazzy/opt/gz_ogre_next_vendor:/opt/ros/jazzy/opt/gz_dartsim_vendor:/opt/ros/jazzy/opt/gz_cmake_vendor:/opt/ros/jazzy /usr/bin/cmake --install /home/sai/Projects/smartcart_simulation/build/smartcart_gazebo
[16.445s] Level 1:colcon.colcon_core.environment:create_environment_scripts_only(smartcart_gazebo)
[16.446s] DEBUG:colcon.colcon_core.event_handler.log_command:Invoked command in '/home/sai/Projects/smartcart_simulation/build/smartcart_gazebo' returned '0': AMENT_PREFIX_PATH=/home/sai/Projects/smartcart_simulation/install/smartcart_description:${AMENT_PREFIX_PATH} CMAKE_PREFIX_PATH=/home/sai/Projects/smartcart_simulation/install/smartcart_description:/opt/ros/jazzy/opt/gz_sim_vendor:/opt/ros/jazzy/opt/gz_sensors_vendor:/opt/ros/jazzy/opt/gz_physics_vendor:/opt/ros/jazzy/opt/sdformat_vendor:/opt/ros/jazzy/opt/gz_gui_vendor:/opt/ros/jazzy/opt/gz_transport_vendor:/opt/ros/jazzy/opt/gz_rendering_vendor:/opt/ros/jazzy/opt/gz_plugin_vendor:/opt/ros/jazzy/opt/gz_fuel_tools_vendor:/opt/ros/jazzy/opt/gz_msgs_vendor:/opt/ros/jazzy/opt/gz_common_vendor:/opt/ros/jazzy/opt/gz_math_vendor:/opt/ros/jazzy/opt/gz_utils_vendor:/opt/ros/jazzy/opt/gz_tools_vendor:/opt/ros/jazzy/opt/gz_ogre_next_vendor:/opt/ros/jazzy/opt/gz_dartsim_vendor:/opt/ros/jazzy/opt/gz_cmake_vendor:/opt/ros/jazzy /usr/bin/cmake --install /home/sai/Projects/smartcart_simulation/build/smartcart_gazebo
[16.446s] Level 1:colcon.colcon_core.environment:checking '/home/sai/Projects/smartcart_simulation/install/smartcart_gazebo' for CMake module files
[16.447s] Level 1:colcon.colcon_core.environment:checking '/home/sai/Projects/smartcart_simulation/install/smartcart_gazebo' for CMake config files
[16.447s] Level 1:colcon.colcon_core.shell:create_environment_hook('smartcart_gazebo', 'cmake_prefix_path')
[16.448s] INFO:colcon.colcon_core.shell:Creating environment descriptor '/home/sai/Projects/smartcart_simulation/install/smartcart_gazebo/share/smartcart_gazebo/hook/cmake_prefix_path.dsv'
[16.449s] INFO:colcon.colcon_core.shell:Creating environment hook '/home/sai/Projects/smartcart_simulation/install/smartcart_gazebo/share/smartcart_gazebo/hook/cmake_prefix_path.sh'
[16.450s] Level 1:colcon.colcon_core.environment:checking '/home/sai/Projects/smartcart_simulation/install/smartcart_gazebo/bin'
[16.450s] Level 1:colcon.colcon_core.environment:checking '/home/sai/Projects/smartcart_simulation/install/smartcart_gazebo/lib/pkgconfig/smartcart_gazebo.pc'
[16.450s] Level 1:colcon.colcon_core.environment:checking '/home/sai/Projects/smartcart_simulation/install/smartcart_gazebo/lib/python3.12/site-packages'
[16.451s] Level 1:colcon.colcon_core.environment:checking '/home/sai/Projects/smartcart_simulation/install/smartcart_gazebo/bin'
[16.451s] INFO:colcon.colcon_core.shell:Creating package descriptor '/home/sai/Projects/smartcart_simulation/install/smartcart_gazebo/share/smartcart_gazebo/package.dsv'
[16.452s] INFO:colcon.colcon_core.shell:Creating package script '/home/sai/Projects/smartcart_simulation/install/smartcart_gazebo/share/smartcart_gazebo/package.sh'
[16.452s] INFO:colcon.colcon_core.shell:Creating package script '/home/sai/Projects/smartcart_simulation/install/smartcart_gazebo/share/smartcart_gazebo/package.bash'
[16.453s] INFO:colcon.colcon_core.shell:Creating package script '/home/sai/Projects/smartcart_simulation/install/smartcart_gazebo/share/smartcart_gazebo/package.zsh'
[16.453s] Level 1:colcon.colcon_core.environment:create_file_with_runtime_dependencies(/home/sai/Projects/smartcart_simulation/install/smartcart_gazebo/share/colcon-core/packages/smartcart_gazebo)
[16.455s] Level 1:colcon.colcon_core.environment:create_environment_scripts_only(smartcart_gazebo)
[16.455s] Level 1:colcon.colcon_core.environment:checking '/home/sai/Projects/smartcart_simulation/install/smartcart_gazebo' for CMake module files
[16.456s] Level 1:colcon.colcon_core.environment:checking '/home/sai/Projects/smartcart_simulation/install/smartcart_gazebo' for CMake config files
[16.457s] Level 1:colcon.colcon_core.shell:create_environment_hook('smartcart_gazebo', 'cmake_prefix_path')
[16.459s] INFO:colcon.colcon_core.shell:Creating environment descriptor '/home/sai/Projects/smartcart_simulation/install/smartcart_gazebo/share/smartcart_gazebo/hook/cmake_prefix_path.dsv'
[16.460s] INFO:colcon.colcon_core.shell:Creating environment hook '/home/sai/Projects/smartcart_simulation/install/smartcart_gazebo/share/smartcart_gazebo/hook/cmake_prefix_path.sh'
[16.461s] Level 1:colcon.colcon_core.environment:checking '/home/sai/Projects/smartcart_simulation/install/smartcart_gazebo/bin'
[16.461s] Level 1:colcon.colcon_core.environment:checking '/home/sai/Projects/smartcart_simulation/install/smartcart_gazebo/lib/pkgconfig/smartcart_gazebo.pc'
[16.461s] Level 1:colcon.colcon_core.environment:checking '/home/sai/Projects/smartcart_simulation/install/smartcart_gazebo/lib/python3.12/site-packages'
[16.462s] Level 1:colcon.colcon_core.environment:checking '/home/sai/Projects/smartcart_simulation/install/smartcart_gazebo/bin'
[16.462s] INFO:colcon.colcon_core.shell:Creating package descriptor '/home/sai/Projects/smartcart_simulation/install/smartcart_gazebo/share/smartcart_gazebo/package.dsv'
[16.463s] INFO:colcon.colcon_core.shell:Creating package script '/home/sai/Projects/smartcart_simulation/install/smartcart_gazebo/share/smartcart_gazebo/package.sh'
[16.464s] INFO:colcon.colcon_core.shell:Creating package script '/home/sai/Projects/smartcart_simulation/install/smartcart_gazebo/share/smartcart_gazebo/package.bash'
[16.465s] INFO:colcon.colcon_core.shell:Creating package script '/home/sai/Projects/smartcart_simulation/install/smartcart_gazebo/share/smartcart_gazebo/package.zsh'
[16.465s] Level 1:colcon.colcon_core.environment:create_file_with_runtime_dependencies(/home/sai/Projects/smartcart_simulation/install/smartcart_gazebo/share/colcon-core/packages/smartcart_gazebo)
[16.466s] DEBUG:colcon.colcon_parallel_executor.executor.parallel:closing loop
[16.467s] DEBUG:colcon.colcon_parallel_executor.executor.parallel:loop closed
[16.467s] DEBUG:colcon.colcon_parallel_executor.executor.parallel:run_until_complete finished with '0'
[16.467s] DEBUG:colcon.colcon_core.event_reactor:joining thread
[16.619s] INFO:colcon.colcon_core.plugin_system:Skipping extension 'colcon_notification.desktop_notification.notify_send': Could not find 'notify-send'
[16.620s] INFO:colcon.colcon_core.plugin_system:Skipping extension 'colcon_notification.desktop_notification.terminal_notifier': Not used on non-Darwin systems
[16.620s] INFO:colcon.colcon_core.plugin_system:Skipping extension 'colcon_notification.desktop_notification.win32': Not used on non-Windows systems
[16.620s] INFO:colcon.colcon_notification.desktop_notification:Sending desktop notification using 'notify2'
[16.635s] DEBUG:colcon.colcon_notification.desktop_notification.notify2:Failed to initialize notify2: org.freedesktop.DBus.Error.ServiceUnknown: The name org.freedesktop.Notifications was not provided by any .service files
[16.636s] DEBUG:colcon.colcon_core.event_reactor:joined thread
[16.637s] INFO:colcon.colcon_core.shell:Creating prefix script '/home/sai/Projects/smartcart_simulation/install/local_setup.sh'
[16.638s] INFO:colcon.colcon_core.shell:Creating prefix util module '/home/sai/Projects/smartcart_simulation/install/_local_setup_util_sh.py'
[16.640s] INFO:colcon.colcon_core.shell:Creating prefix chain script '/home/sai/Projects/smartcart_simulation/install/setup.sh'
[16.642s] INFO:colcon.colcon_core.shell:Creating prefix script '/home/sai/Projects/smartcart_simulation/install/local_setup.bash'
[16.643s] INFO:colcon.colcon_core.shell:Creating prefix chain script '/home/sai/Projects/smartcart_simulation/install/setup.bash'
[16.644s] INFO:colcon.colcon_core.shell:Creating prefix script '/home/sai/Projects/smartcart_simulation/install/local_setup.zsh'
[16.644s] INFO:colcon.colcon_core.shell:Creating prefix chain script '/home/sai/Projects/smartcart_simulation/install/setup.zsh'
